src/components/MessageInput.tsx(237,9): error TS6133: 'handleKeyDown' is declared but its value is never read.
